// Jest Snapshot v1, https://goo.gl/fbAQLP

exports[`Button component renders correctly 1`] = `
<div>
  <button
    class="calculator-button "
    type="button"
  >
    Click Me
  </button>
</div>
`;
