// Jest Snapshot v1, https://goo.gl/fbAQLP

exports[`Calculator component renders correctly 1`] = `
<div>
  <div
    class="calculator"
  >
    <div
      class="calculator-display"
    >
      0
    </div>
    <div
      class="calculator-grid"
    >
      <button
        class="calculator-button "
        type="button"
      >
        AC
      </button>
      <button
        class="calculator-button "
        type="button"
      >
        +/-
      </button>
      <button
        class="calculator-button "
        type="button"
      >
        %
      </button>
      <button
        class="calculator-button operator-button"
        type="button"
      >
        รท
      </button>
      <button
        class="calculator-button "
        type="button"
      >
        7
      </button>
      <button
        class="calculator-button "
        type="button"
      >
        8
      </button>
      <button
        class="calculator-button "
        type="button"
      >
        9
      </button>
      <button
        class="calculator-button operator-button"
        type="button"
      >
        x
      </button>
      <button
        class="calculator-button "
        type="button"
      >
        4
      </button>
      <button
        class="calculator-button "
        type="button"
      >
        5
      </button>
      <button
        class="calculator-button "
        type="button"
      >
        6
      </button>
      <button
        class="calculator-button operator-button"
        type="button"
      >
        -
      </button>
      <button
        class="calculator-button "
        type="button"
      >
        1
      </button>
      <button
        class="calculator-button "
        type="button"
      >
        2
      </button>
      <button
        class="calculator-button "
        type="button"
      >
        3
      </button>
      <button
        class="calculator-button operator-button"
        type="button"
      >
        +
      </button>
      <button
        class="calculator-button zero-button"
        type="button"
      >
        0
      </button>
      <button
        class="calculator-button "
        type="button"
      >
        .
      </button>
      <button
        class="calculator-button operator-button"
        type="button"
      >
        =
      </button>
    </div>
  </div>
</div>
`;
